client/src/components/feed/PostList.tsx(102,35): error TS2322: Type '({ id: number; createdAt: Date | null; companyId: number; isDeleted: boolean | null; authorId: string; content: string; category: "General" | "Mental Stress / Burnout" | "Toxic Work Culture" | "Need Referral / Job Help" | "Policy / Work Discussion"; attachments: Attachment[] | null; pollData: PollData | null; update...' is not assignable to type 'Omit<{ id: number; createdAt: Date | null; companyId: number; isDeleted: boolean | null; authorId: string; content: string; category: "General" | "Mental Stress / Burnout" | "Toxic Work Culture" | "Need Referral / Job Help" | "Policy / Work Discussion"; attachments: Attachment[] | null; pollData: PollData | null; up...'.
  Type 'Omit<{ id: number; createdAt: Date | null; companyId: number; isDeleted: boolean | null; authorId: string; content: string; category: "General" | "Mental Stress / Burnout" | "Toxic Work Culture" | "Need Referral / Job Help" | "Policy / Work Discussion"; attachments: import("C:/Users/yashm/Downloads/Attached-Assets (...' is not assignable to type 'Omit<{ id: number; createdAt: Date | null; companyId: number; isDeleted: boolean | null; authorId: string; content: string; category: "General" | "Mental Stress / Burnout" | "Toxic Work Culture" | "Need Referral / Job Help" | "Policy / Work Discussion"; attachments: import("C:/Users/yashm/Downloads/Attached-Assets (...'. Two different types with this name exist, but they are unrelated.
    Property 'authorId' is missing in type 'Omit<{ id: number; createdAt: Date | null; companyId: number; isDeleted: boolean | null; authorId: string; content: string; category: "General" | "Mental Stress / Burnout" | "Toxic Work Culture" | "Need Referral / Job Help" | "Policy / Work Discussion"; attachments: Attachment[] | null; pollData: PollData | null; up...' but required in type '{ authorId: string; authorRole?: string | undefined; commentCount?: number | undefined; reactionCounts?: { support: number; helpful: number; } | undefined; userReaction?: "support" | "helpful" | null | undefined; pollResults?: { ...; } | undefined; }'.
client/src/pages/PostDetail.tsx(79,17): error TS2322: Type '(Omit<{ id: number; createdAt: Date | null; companyId: number; isDeleted: boolean | null; authorId: string; content: string; category: "General" | "Mental Stress / Burnout" | "Toxic Work Culture" | "Need Referral / Job Help" | "Policy / Work Discussion"; attachments: Attachment[] | null; pollData: PollData | null; u...' is not assignable to type 'Omit<{ id: number; createdAt: Date | null; companyId: number; isDeleted: boolean | null; authorId: string; content: string; category: "General" | "Mental Stress / Burnout" | "Toxic Work Culture" | "Need Referral / Job Help" | "Policy / Work Discussion"; attachments: Attachment[] | null; pollData: PollData | null; up...'.
  Type 'Omit<{ id: number; createdAt: Date | null; companyId: number; isDeleted: boolean | null; authorId: string; content: string; category: "General" | "Mental Stress / Burnout" | "Toxic Work Culture" | "Need Referral / Job Help" | "Policy / Work Discussion"; attachments: import("C:/Users/yashm/Downloads/Attached-Assets (...' is not assignable to type 'Omit<{ id: number; createdAt: Date | null; companyId: number; isDeleted: boolean | null; authorId: string; content: string; category: "General" | "Mental Stress / Burnout" | "Toxic Work Culture" | "Need Referral / Job Help" | "Policy / Work Discussion"; attachments: import("C:/Users/yashm/Downloads/Attached-Assets (...'. Two different types with this name exist, but they are unrelated.
    Property 'authorId' is missing in type 'Omit<{ id: number; createdAt: Date | null; companyId: number; isDeleted: boolean | null; authorId: string; content: string; category: "General" | "Mental Stress / Burnout" | "Toxic Work Culture" | "Need Referral / Job Help" | "Policy / Work Discussion"; attachments: Attachment[] | null; pollData: PollData | null; up...' but required in type '{ authorId: string; authorRole?: string | undefined; commentCount?: number | undefined; reactionCounts?: { support: number; helpful: number; } | undefined; userReaction?: "support" | "helpful" | null | undefined; pollResults?: { ...; } | undefined; }'.
server/storage.ts(425,35): error TS7006: Parameter 'item' implicitly has an 'any' type.
server/storage.ts(440,38): error TS7006: Parameter 'v' implicitly has an 'any' type.
server/storage.ts(448,37): error TS7006: Parameter 'v' implicitly has an 'any' type.
server/storage.ts(451,50): error TS7006: Parameter 'v' implicitly has an 'any' type.
server/storage.ts(529,35): error TS7006: Parameter 'item' implicitly has an 'any' type.
server/storage.ts(541,38): error TS7006: Parameter 'v' implicitly has an 'any' type.
server/storage.ts(549,37): error TS7006: Parameter 'v' implicitly has an 'any' type.
server/storage.ts(552,50): error TS7006: Parameter 'v' implicitly has an 'any' type.
server/storage.ts(894,54): error TS7006: Parameter 'r' implicitly has an 'any' type.
server/storage.ts(897,51): error TS7006: Parameter 'r' implicitly has an 'any' type.
server/storage.ts(901,68): error TS7006: Parameter 'r' implicitly has an 'any' type.
server/storage.ts(902,92): error TS2769: No overload matches this call.
  Overload 1 of 3, '(column: Aliased<unknown>, values: SQLWrapper | unknown[]): SQL<unknown>', gave the following error.
    Argument of type 'PgColumn<{ name: "id"; tableName: "companies"; dataType: "number"; columnType: "PgSerial"; data: number; driverParam: number; notNull: true; hasDefault: true; isPrimaryKey: true; isAutoincrement: false; ... 4 more ...; generated: undefined; }, {}, {}>' is not assignable to parameter of type 'Aliased<unknown>'.
      Type 'PgColumn<{ name: "id"; tableName: "companies"; dataType: "number"; columnType: "PgSerial"; data: number; driverParam: number; notNull: true; hasDefault: true; isPrimaryKey: true; isAutoincrement: false; ... 4 more ...; generated: undefined; }, {}, {}>' is missing the following properties from type 'Aliased<unknown>': sql, fieldAlias
  Overload 2 of 3, '(column: PgColumn<{ name: "id"; tableName: "companies"; dataType: "number"; columnType: "PgSerial"; data: number; driverParam: number; notNull: true; hasDefault: true; isPrimaryKey: true; isAutoincrement: false; ... 4 more ...; generated: undefined; }, {}, {}>, values: SQLWrapper | (number | Placeholder<...>)[]): SQL<...>', gave the following error.
    Argument of type 'unknown[]' is not assignable to parameter of type 'SQLWrapper | (number | Placeholder<string, any>)[]'.
      Type 'unknown[]' is not assignable to type '(number | Placeholder<string, any>)[]'.
        Type 'unknown' is not assignable to type 'number | Placeholder<string, any>'.
  Overload 3 of 3, '(column: never, values: SQLWrapper | unknown[]): SQL<unknown>', gave the following error.
    Argument of type 'PgColumn<{ name: "id"; tableName: "companies"; dataType: "number"; columnType: "PgSerial"; data: number; driverParam: number; notNull: true; hasDefault: true; isPrimaryKey: true; isAutoincrement: false; ... 4 more ...; generated: undefined; }, {}, {}>' is not assignable to parameter of type 'never'.
server/storage.ts(913,43): error TS7006: Parameter 'u' implicitly has an 'any' type.
server/storage.ts(914,45): error TS7006: Parameter 'c' implicitly has an 'any' type.
